interactions:
- request:
    body: null
    headers:
      Accept:
      - '*/*'
      Accept-Encoding:
      - gzip, deflate, br
      Connection:
      - keep-alive
      User-Agent:
      - python-requests/2.32.3
    method: GET
    uri: https://www-genesis.destatis.de/genesisWS/rest/2020/data/tablefile?area=all&format=ffcsv&language=de&name=81000-0001&quality=False
  response:
    body:
      string: 'Statistik_Code;Statistik_Label;Zeit_Code;Zeit_Label;Zeit;1_Merkmal_Code;1_Merkmal_Label;1_Auspraegung_Code;1_Auspraegung_Label;2_Merkmal_Code;2_Merkmal_Label;2_Auspraegung_Code;2_Auspraegung_Label;BWS001__Bruttowertschoepfung__jew._ME;STR006__Guetersteuern_abzuegl._Guetersubventionen__jew._ME;STR020_______Guetersteuern__jew._ME;SUB003_______Guetersubventionen__jew._ME;VGR014__Bruttoinlandsprodukt__jew._ME;BIP005__nachr.:_Bruttoinlandsprodukt_(Veraenderung_in_%)__Prozent;BIP004__nachr.:_Bruttoinlandsprodukt_je_Einwohner__jew._ME

        81000;Volkswirtschaftliche Gesamtrechnungen des Bundes;JAHR;Jahr;2014;DINSG;Deutschland
        insgesamt;DG;Deutschland;VGRPB5;Preisbasis;VGRJPM;in jeweiligen Preisen (Mrd.
        EUR);2635,393;292,037;298,774;6,737;2927,430;4,1;36149,000

        81000;Volkswirtschaftliche Gesamtrechnungen des Bundes;JAHR;Jahr;2014;DINSG;Deutschland
        insgesamt;DG;Deutschland;VGRPB5;Preisbasis;VGRPKM;preisbereinigt, Kettenindex
        (2015=100);98,810;96,150;96,250;100,970;98,530;2,2;99,380

        81000;Volkswirtschaftliche Gesamtrechnungen des Bundes;JAHR;Jahr;2014;DINSG;Deutschland
        insgesamt;DG;Deutschland;VGRPB5;Preisbasis;VGRPVK;preisbereinigt, verkettete
        Volumenang. (Mrd. EUR);2689,628;-;-;-;2981,695;2,2;-

        81000;Volkswirtschaftliche Gesamtrechnungen des Bundes;JAHR;Jahr;2014;DINSG;Deutschland
        insgesamt;DG;Deutschland;VGRPB5;Preisbasis;VGRPVU;preisbereinigt, unverkettete
        Volumenang.(Mrd. EUR);2584,829;-;-;-;2873,722;-;-

        81000;Volkswirtschaftliche Gesamtrechnungen des Bundes;JAHR;Jahr;2015;DINSG;Deutschland
        insgesamt;DG;Deutschland;VGRPB5;Preisbasis;VGRJPM;in jeweiligen Preisen (Mrd.
        EUR);2722,020;304,160;310,942;6,782;3026,180;3,4;37046,000

        81000;Volkswirtschaftliche Gesamtrechnungen des Bundes;JAHR;Jahr;2015;DINSG;Deutschland
        insgesamt;DG;Deutschland;VGRPB5;Preisbasis;VGRPKM;preisbereinigt, Kettenindex
        (2015=100);100,000;100,000;100,000;100,000;100,000;1,5;100,000

        81000;Volkswirtschaftliche Gesamtrechnungen des Bundes;JAHR;Jahr;2015;DINSG;Deutschland
        insgesamt;DG;Deutschland;VGRPB5;Preisbasis;VGRPVK;preisbereinigt, verkettete
        Volumenang. (Mrd. EUR);2722,020;-;-;-;3026,180;1,5;-

        81000;Volkswirtschaftliche Gesamtrechnungen des Bundes;JAHR;Jahr;2015;DINSG;Deutschland
        insgesamt;DG;Deutschland;VGRPB5;Preisbasis;VGRPVU;preisbereinigt, unverkettete
        Volumenang.(Mrd. EUR);2667,231;-;-;-;2970,965;-;-

        81000;Volkswirtschaftliche Gesamtrechnungen des Bundes;JAHR;Jahr;2016;DINSG;Deutschland
        insgesamt;DG;Deutschland;VGRPB5;Preisbasis;VGRJPM;in jeweiligen Preisen (Mrd.
        EUR);2822,443;312,297;319,143;6,846;3134,740;3,6;38067,000

        81000;Volkswirtschaftliche Gesamtrechnungen des Bundes;JAHR;Jahr;2016;DINSG;Deutschland
        insgesamt;DG;Deutschland;VGRPB5;Preisbasis;VGRPKM;preisbereinigt, Kettenindex
        (2015=100);102,250;102,030;101,990;100,240;102,230;2,2;101,410

        81000;Volkswirtschaftliche Gesamtrechnungen des Bundes;JAHR;Jahr;2016;DINSG;Deutschland
        insgesamt;DG;Deutschland;VGRPB5;Preisbasis;VGRPVK;preisbereinigt, verkettete
        Volumenang. (Mrd. EUR);2783,265;-;-;-;3093,664;2,2;-

        81000;Volkswirtschaftliche Gesamtrechnungen des Bundes;JAHR;Jahr;2016;DINSG;Deutschland
        insgesamt;DG;Deutschland;VGRPB5;Preisbasis;VGRPVU;preisbereinigt, unverkettete
        Volumenang.(Mrd. EUR);2783,371;-;-;-;3093,710;-;-

        81000;Volkswirtschaftliche Gesamtrechnungen des Bundes;JAHR;Jahr;2017;DINSG;Deutschland
        insgesamt;DG;Deutschland;VGRPB5;Preisbasis;VGRJPM;in jeweiligen Preisen (Mrd.
        EUR);2944,074;323,086;329,847;6,761;3267,160;4,2;39527,000

        81000;Volkswirtschaftliche Gesamtrechnungen des Bundes;JAHR;Jahr;2017;DINSG;Deutschland
        insgesamt;DG;Deutschland;VGRPB5;Preisbasis;VGRPKM;preisbereinigt, Kettenindex
        (2015=100);105,110;103,760;103,700;101,290;104,970;2,7;103,740

        81000;Volkswirtschaftliche Gesamtrechnungen des Bundes;JAHR;Jahr;2017;DINSG;Deutschland
        insgesamt;DG;Deutschland;VGRPB5;Preisbasis;VGRPVK;preisbereinigt, verkettete
        Volumenang. (Mrd. EUR);2861,115;-;-;-;3176,581;2,7;-

        81000;Volkswirtschaftliche Gesamtrechnungen des Bundes;JAHR;Jahr;2017;DINSG;Deutschland
        insgesamt;DG;Deutschland;VGRPB5;Preisbasis;VGRPVU;preisbereinigt, unverkettete
        Volumenang.(Mrd. EUR);2901,242;-;-;-;3218,826;-;-

        81000;Volkswirtschaftliche Gesamtrechnungen des Bundes;JAHR;Jahr;2018;DINSG;Deutschland
        insgesamt;DG;Deutschland;VGRPB5;Preisbasis;VGRJPM;in jeweiligen Preisen (Mrd.
        EUR);3032,736;332,714;339,600;6,886;3365,450;3,0;40594,000

        81000;Volkswirtschaftliche Gesamtrechnungen des Bundes;JAHR;Jahr;2018;DINSG;Deutschland
        insgesamt;DG;Deutschland;VGRPB5;Preisbasis;VGRPKM;preisbereinigt, Kettenindex
        (2015=100);106,100;105,160;105,070;101,020;106,000;1,0;104,440

        81000;Volkswirtschaftliche Gesamtrechnungen des Bundes;JAHR;Jahr;2018;DINSG;Deutschland
        insgesamt;DG;Deutschland;VGRPB5;Preisbasis;VGRPVK;preisbereinigt, verkettete
        Volumenang. (Mrd. EUR);2888,063;-;-;-;3207,751;1,0;-

        81000;Volkswirtschaftliche Gesamtrechnungen des Bundes;JAHR;Jahr;2018;DINSG;Deutschland
        insgesamt;DG;Deutschland;VGRPB5;Preisbasis;VGRPVU;preisbereinigt, unverkettete
        Volumenang.(Mrd. EUR);2971,786;-;-;-;3299,232;-;-

        81000;Volkswirtschaftliche Gesamtrechnungen des Bundes;JAHR;Jahr;2019;DINSG;Deutschland
        insgesamt;DG;Deutschland;VGRPB5;Preisbasis;VGRJPM;in jeweiligen Preisen (Mrd.
        EUR);3130,567;343,543;350,942;7,399;3474,110;3,2;41810,000

        81000;Volkswirtschaftliche Gesamtrechnungen des Bundes;JAHR;Jahr;2019;DINSG;Deutschland
        insgesamt;DG;Deutschland;VGRPB5;Preisbasis;VGRPKM;preisbereinigt, Kettenindex
        (2015=100);107,000;108,390;108,240;101,420;107,140;1,1;105,330

        81000;Volkswirtschaftliche Gesamtrechnungen des Bundes;JAHR;Jahr;2019;DINSG;Deutschland
        insgesamt;DG;Deutschland;VGRPB5;Preisbasis;VGRPVK;preisbereinigt, verkettete
        Volumenang. (Mrd. EUR);2912,561;-;-;-;3242,249;1,1;-

        81000;Volkswirtschaftliche Gesamtrechnungen des Bundes;JAHR;Jahr;2019;DINSG;Deutschland
        insgesamt;DG;Deutschland;VGRPB5;Preisbasis;VGRPVU;preisbereinigt, unverkettete
        Volumenang.(Mrd. EUR);3058,504;-;-;-;3401,440;-;-

        81000;Volkswirtschaftliche Gesamtrechnungen des Bundes;JAHR;Jahr;2020;DINSG;Deutschland
        insgesamt;DG;Deutschland;VGRPB5;Preisbasis;VGRJPM;in jeweiligen Preisen (Mrd.
        EUR);3086,377;317,353;325,967;8,614;3403,730;-2,0;40929,000

        81000;Volkswirtschaftliche Gesamtrechnungen des Bundes;JAHR;Jahr;2020;DINSG;Deutschland
        insgesamt;DG;Deutschland;VGRPB5;Preisbasis;VGRPKM;preisbereinigt, Kettenindex
        (2015=100);102,670;106,400;105,560;68,580;103,040;-3,8;101,220

        81000;Volkswirtschaftliche Gesamtrechnungen des Bundes;JAHR;Jahr;2020;DINSG;Deutschland
        insgesamt;DG;Deutschland;VGRPB5;Preisbasis;VGRPVK;preisbereinigt, verkettete
        Volumenang. (Mrd. EUR);2794,698;-;-;-;3118,176;-3,8;-

        81000;Volkswirtschaftliche Gesamtrechnungen des Bundes;JAHR;Jahr;2020;DINSG;Deutschland
        insgesamt;DG;Deutschland;VGRPB5;Preisbasis;VGRPVU;preisbereinigt, unverkettete
        Volumenang.(Mrd. EUR);3003,872;-;-;-;3341,107;-;-

        81000;Volkswirtschaftliche Gesamtrechnungen des Bundes;JAHR;Jahr;2021;DINSG;Deutschland
        insgesamt;DG;Deutschland;VGRPB5;Preisbasis;VGRJPM;in jeweiligen Preisen (Mrd.
        EUR);3276,377;341,073;365,141;24,068;3617,450;6,3;43481,000

        81000;Volkswirtschaftliche Gesamtrechnungen des Bundes;JAHR;Jahr;2021;DINSG;Deutschland
        insgesamt;DG;Deutschland;VGRPB5;Preisbasis;VGRPKM;preisbereinigt, Kettenindex
        (2015=100);106,060;108,380;107,530;70,100;106,300;3,2;104,370

        81000;Volkswirtschaftliche Gesamtrechnungen des Bundes;JAHR;Jahr;2021;DINSG;Deutschland
        insgesamt;DG;Deutschland;VGRPB5;Preisbasis;VGRPVK;preisbereinigt, verkettete
        Volumenang. (Mrd. EUR);2886,974;-;-;-;3216,829;3,2;-

        81000;Volkswirtschaftliche Gesamtrechnungen des Bundes;JAHR;Jahr;2021;DINSG;Deutschland
        insgesamt;DG;Deutschland;VGRPB5;Preisbasis;VGRPVU;preisbereinigt, unverkettete
        Volumenang.(Mrd. EUR);3188,250;-;-;-;3511,508;-;-

        81000;Volkswirtschaftliche Gesamtrechnungen des Bundes;JAHR;Jahr;2022;DINSG;Deutschland
        insgesamt;DG;Deutschland;VGRPB5;Preisbasis;VGRJPM;in jeweiligen Preisen (Mrd.
        EUR);3509,628;367,182;390,670;23,488;3876,810;7,2;46264,000

        81000;Volkswirtschaftliche Gesamtrechnungen des Bundes;JAHR;Jahr;2022;DINSG;Deutschland
        insgesamt;DG;Deutschland;VGRPB5;Preisbasis;VGRPKM;preisbereinigt, Kettenindex
        (2015=100);107,860;111,470;108,370;50,060;108,220;1,8;105,500

        81000;Volkswirtschaftliche Gesamtrechnungen des Bundes;JAHR;Jahr;2022;DINSG;Deutschland
        insgesamt;DG;Deutschland;VGRPB5;Preisbasis;VGRPVK;preisbereinigt, verkettete
        Volumenang. (Mrd. EUR);2935,971;-;-;-;3274,932;1,8;-

        81000;Volkswirtschaftliche Gesamtrechnungen des Bundes;JAHR;Jahr;2022;DINSG;Deutschland
        insgesamt;DG;Deutschland;VGRPB5;Preisbasis;VGRPVU;preisbereinigt, unverkettete
        Volumenang.(Mrd. EUR);3331,942;-;-;-;3682,747;-;-

        81000;Volkswirtschaftliche Gesamtrechnungen des Bundes;JAHR;Jahr;2023;DINSG;Deutschland
        insgesamt;DG;Deutschland;VGRPB5;Preisbasis;VGRJPM;in jeweiligen Preisen (Mrd.
        EUR);3767,909;354,301;390,660;36,359;4122,210;6,3;48775,000

        81000;Volkswirtschaftliche Gesamtrechnungen des Bundes;JAHR;Jahr;2023;DINSG;Deutschland
        insgesamt;DG;Deutschland;VGRPB5;Preisbasis;VGRPKM;preisbereinigt, Kettenindex
        (2015=100);107,930;108,460;104,270;39,670;108,010;-0,2;104,400

        81000;Volkswirtschaftliche Gesamtrechnungen des Bundes;JAHR;Jahr;2023;DINSG;Deutschland
        insgesamt;DG;Deutschland;VGRPB5;Preisbasis;VGRPVK;preisbereinigt, verkettete
        Volumenang. (Mrd. EUR);2937,876;-;-;-;3268,577;-0,2;-

        81000;Volkswirtschaftliche Gesamtrechnungen des Bundes;JAHR;Jahr;2023;DINSG;Deutschland
        insgesamt;DG;Deutschland;VGRPB5;Preisbasis;VGRPVU;preisbereinigt, unverkettete
        Volumenang.(Mrd. EUR);3511,999;-;-;-;3869,273;-;-

        '
    headers:
      Connection:
      - Keep-Alive
      Content-Disposition:
      - attachement;filename=81000-0001_flat.csv
      Content-Type:
      - text/csv
      Date:
      - Tue, 25 Jun 2024 21:02:27 GMT
      Keep-Alive:
      - timeout=15, max=100
      Server:
      - Apache
      Transfer-Encoding:
      - chunked
    status:
      code: 200
      message: '200'
- request:
    body: null
    headers:
      Accept:
      - '*/*'
      Accept-Encoding:
      - gzip, deflate, br
      Connection:
      - keep-alive
      User-Agent:
      - python-requests/2.32.3
    method: GET
    uri: https://www-genesis.destatis.de/genesisWS/rest/2020/metadata/table?area=all&format=ffcsv&language=de&name=81000-0001&quality=False
  response:
    body:
      string: "{\"Ident\":{\"Service\":\"metadata\",\"Method\":\"table\"},\"Status\":{\"Code\":0,\"Content\":\"erfolgreich\",\"Type\":\"Information\"},\"Parameter\":{\"username\":\"********************\",\"password\":\"********************\",\"name\":\"81000-0001\",\"area\":\"Alle\",\"language\":\"de\"},\"Object\":{\"Code\":\"81000-0001\",\"Content\":\"VGR
        des Bundes - Bruttowertsch\xF6pfung, Bruttoinlandsprodukt\\n(nominal/preisbereinigt):
        Deutschland, Jahre\",\"Time\":{\"From\":\"1991\",\"To\":\"2023\"},\"Valid\":\"false\",\"Structure\":{\"Head\":{\"Code\":\"81000\",\"Content\":\"Volkswirtschaftliche
        Gesamtrechnungen des Bundes\",\"Type\":\"Statistik\",\"Values\":null,\"Selected\":null,\"Structure\":[{\"Code\":\"DINSG\",\"Content\":\"Deutschland
        insgesamt\",\"Type\":\"Merkmal\",\"Values\":\"1\",\"Selected\":\"1\",\"Structure\":null,\"Updated\":\"see
        parent\"}],\"Updated\":\"see parent\"},\"Columns\":[{\"Code\":\"JAHR\",\"Content\":\"Jahr\",\"Type\":\"Merkmal\",\"Values\":\"10\",\"Selected\":\"10\",\"Structure\":null,\"Updated\":\"see
        parent\"}],\"Rows\":[{\"Code\":\"BWS001\",\"Content\":\"Bruttowertsch\xF6pfung\",\"Type\":\"Merkmal\",\"Values\":null,\"Selected\":null,\"Structure\":null,\"Updated\":\"see
        parent\"},{\"Code\":\"STR006\",\"Content\":\"G\xFCtersteuern abz\xFCgl. G\xFCtersubventionen\",\"Type\":\"Merkmal\",\"Values\":null,\"Selected\":null,\"Structure\":null,\"Updated\":\"see
        parent\"},{\"Code\":\"STR020\",\"Content\":\"G\xFCtersteuern\",\"Type\":\"Merkmal\",\"Values\":null,\"Selected\":null,\"Structure\":null,\"Updated\":\"see
        parent\"},{\"Code\":\"SUB003\",\"Content\":\"G\xFCtersubventionen\",\"Type\":\"Merkmal\",\"Values\":null,\"Selected\":null,\"Structure\":null,\"Updated\":\"see
        parent\"},{\"Code\":\"VGR014\",\"Content\":\"Bruttoinlandsprodukt\",\"Type\":\"Merkmal\",\"Values\":null,\"Selected\":null,\"Structure\":null,\"Updated\":\"see
        parent\"},{\"Code\":\"BIP005\",\"Content\":\"Bruttoinlandsprodukt (Ver\xE4nderung
        in %)\",\"Type\":\"Merkmal\",\"Values\":null,\"Selected\":null,\"Structure\":null,\"Updated\":\"see
        parent\"},{\"Code\":\"BIP004\",\"Content\":\"Bruttoinlandsprodukt je Einwohner\",\"Type\":\"Merkmal\",\"Values\":null,\"Selected\":null,\"Structure\":null,\"Updated\":\"see
        parent\"}],\"Subtitel\":null,\"Subheading\":{\"Code\":\"VGRPB5\",\"Content\":\"Preisbasis
        (jeweilige Preise / preisbereinigt)\",\"Type\":\"Merkmal\",\"Values\":null,\"Selected\":null,\"Structure\":null,\"Updated\":\"see
        parent\"}},\"Updated\":\"28.12.2022 17:19:48h\"},\"Copyright\":\"\xA9 Statistisches
        Bundesamt (Destatis), 2024\"}"
    headers:
      Connection:
      - Keep-Alive
      Content-Length:
      - '2203'
      Content-Type:
      - application/json;charset=UTF-8
      Date:
      - Tue, 25 Jun 2024 21:02:29 GMT
      Keep-Alive:
      - timeout=15, max=100
      Server:
      - Apache
    status:
      code: 200
      message: '200'
- request:
    body: null
    headers:
      Accept:
      - '*/*'
      Accept-Encoding:
      - gzip, deflate
      Connection:
      - keep-alive
      User-Agent:
      - python-requests/2.32.3
    method: GET
    uri: https://www-genesis.destatis.de/genesisWS/rest/2020/data/tablefile?area=all&format=ffcsv&language=de&name=81000-0001&quality=off
  response:
    body:
      string: 'Statistik_Code;Statistik_Label;Zeit_Code;Zeit_Label;Zeit;1_Merkmal_Code;1_Merkmal_Label;1_Auspraegung_Code;1_Auspraegung_Label;2_Merkmal_Code;2_Merkmal_Label;2_Auspraegung_Code;2_Auspraegung_Label;BWS001__Bruttowertschoepfung__jew._ME;STR006__Guetersteuern_abzuegl._Guetersubventionen__jew._ME;STR020_______Guetersteuern__jew._ME;SUB003_______Guetersubventionen__jew._ME;VGR014__Bruttoinlandsprodukt__jew._ME;BIP005__nachr.:_Bruttoinlandsprodukt_(Veraenderung_in_%)__Prozent;BIP004__nachr.:_Bruttoinlandsprodukt_je_Einwohner__jew._ME

        81000;Volkswirtschaftliche Gesamtrechnungen des Bundes;JAHR;Jahr;2014;DINSG;Deutschland
        insgesamt;DG;Deutschland;VGRPB5;Preisbasis;VGRJPM;in jeweiligen Preisen (Mrd.
        EUR);2635,393;292,037;298,774;6,737;2927,430;4,1;36149,000

        81000;Volkswirtschaftliche Gesamtrechnungen des Bundes;JAHR;Jahr;2014;DINSG;Deutschland
        insgesamt;DG;Deutschland;VGRPB5;Preisbasis;VGRPKM;preisbereinigt, Kettenindex
        (2015=100);98,810;96,150;96,250;100,970;98,530;2,2;99,380

        81000;Volkswirtschaftliche Gesamtrechnungen des Bundes;JAHR;Jahr;2014;DINSG;Deutschland
        insgesamt;DG;Deutschland;VGRPB5;Preisbasis;VGRPVK;preisbereinigt, verkettete
        Volumenang. (Mrd. EUR);2689,628;-;-;-;2981,695;2,2;-

        81000;Volkswirtschaftliche Gesamtrechnungen des Bundes;JAHR;Jahr;2014;DINSG;Deutschland
        insgesamt;DG;Deutschland;VGRPB5;Preisbasis;VGRPVU;preisbereinigt, unverkettete
        Volumenang.(Mrd. EUR);2584,829;-;-;-;2873,722;-;-

        81000;Volkswirtschaftliche Gesamtrechnungen des Bundes;JAHR;Jahr;2015;DINSG;Deutschland
        insgesamt;DG;Deutschland;VGRPB5;Preisbasis;VGRJPM;in jeweiligen Preisen (Mrd.
        EUR);2722,020;304,160;310,942;6,782;3026,180;3,4;37046,000

        81000;Volkswirtschaftliche Gesamtrechnungen des Bundes;JAHR;Jahr;2015;DINSG;Deutschland
        insgesamt;DG;Deutschland;VGRPB5;Preisbasis;VGRPKM;preisbereinigt, Kettenindex
        (2015=100);100,000;100,000;100,000;100,000;100,000;1,5;100,000

        81000;Volkswirtschaftliche Gesamtrechnungen des Bundes;JAHR;Jahr;2015;DINSG;Deutschland
        insgesamt;DG;Deutschland;VGRPB5;Preisbasis;VGRPVK;preisbereinigt, verkettete
        Volumenang. (Mrd. EUR);2722,020;-;-;-;3026,180;1,5;-

        81000;Volkswirtschaftliche Gesamtrechnungen des Bundes;JAHR;Jahr;2015;DINSG;Deutschland
        insgesamt;DG;Deutschland;VGRPB5;Preisbasis;VGRPVU;preisbereinigt, unverkettete
        Volumenang.(Mrd. EUR);2667,231;-;-;-;2970,965;-;-

        81000;Volkswirtschaftliche Gesamtrechnungen des Bundes;JAHR;Jahr;2016;DINSG;Deutschland
        insgesamt;DG;Deutschland;VGRPB5;Preisbasis;VGRJPM;in jeweiligen Preisen (Mrd.
        EUR);2822,443;312,297;319,143;6,846;3134,740;3,6;38067,000

        81000;Volkswirtschaftliche Gesamtrechnungen des Bundes;JAHR;Jahr;2016;DINSG;Deutschland
        insgesamt;DG;Deutschland;VGRPB5;Preisbasis;VGRPKM;preisbereinigt, Kettenindex
        (2015=100);102,250;102,030;101,990;100,240;102,230;2,2;101,410

        81000;Volkswirtschaftliche Gesamtrechnungen des Bundes;JAHR;Jahr;2016;DINSG;Deutschland
        insgesamt;DG;Deutschland;VGRPB5;Preisbasis;VGRPVK;preisbereinigt, verkettete
        Volumenang. (Mrd. EUR);2783,265;-;-;-;3093,664;2,2;-

        81000;Volkswirtschaftliche Gesamtrechnungen des Bundes;JAHR;Jahr;2016;DINSG;Deutschland
        insgesamt;DG;Deutschland;VGRPB5;Preisbasis;VGRPVU;preisbereinigt, unverkettete
        Volumenang.(Mrd. EUR);2783,371;-;-;-;3093,710;-;-

        81000;Volkswirtschaftliche Gesamtrechnungen des Bundes;JAHR;Jahr;2017;DINSG;Deutschland
        insgesamt;DG;Deutschland;VGRPB5;Preisbasis;VGRJPM;in jeweiligen Preisen (Mrd.
        EUR);2944,074;323,086;329,847;6,761;3267,160;4,2;39527,000

        81000;Volkswirtschaftliche Gesamtrechnungen des Bundes;JAHR;Jahr;2017;DINSG;Deutschland
        insgesamt;DG;Deutschland;VGRPB5;Preisbasis;VGRPKM;preisbereinigt, Kettenindex
        (2015=100);105,110;103,760;103,700;101,290;104,970;2,7;103,740

        81000;Volkswirtschaftliche Gesamtrechnungen des Bundes;JAHR;Jahr;2017;DINSG;Deutschland
        insgesamt;DG;Deutschland;VGRPB5;Preisbasis;VGRPVK;preisbereinigt, verkettete
        Volumenang. (Mrd. EUR);2861,115;-;-;-;3176,581;2,7;-

        81000;Volkswirtschaftliche Gesamtrechnungen des Bundes;JAHR;Jahr;2017;DINSG;Deutschland
        insgesamt;DG;Deutschland;VGRPB5;Preisbasis;VGRPVU;preisbereinigt, unverkettete
        Volumenang.(Mrd. EUR);2901,242;-;-;-;3218,826;-;-

        81000;Volkswirtschaftliche Gesamtrechnungen des Bundes;JAHR;Jahr;2018;DINSG;Deutschland
        insgesamt;DG;Deutschland;VGRPB5;Preisbasis;VGRJPM;in jeweiligen Preisen (Mrd.
        EUR);3032,736;332,714;339,600;6,886;3365,450;3,0;40594,000

        81000;Volkswirtschaftliche Gesamtrechnungen des Bundes;JAHR;Jahr;2018;DINSG;Deutschland
        insgesamt;DG;Deutschland;VGRPB5;Preisbasis;VGRPKM;preisbereinigt, Kettenindex
        (2015=100);106,100;105,160;105,070;101,020;106,000;1,0;104,440

        81000;Volkswirtschaftliche Gesamtrechnungen des Bundes;JAHR;Jahr;2018;DINSG;Deutschland
        insgesamt;DG;Deutschland;VGRPB5;Preisbasis;VGRPVK;preisbereinigt, verkettete
        Volumenang. (Mrd. EUR);2888,063;-;-;-;3207,751;1,0;-

        81000;Volkswirtschaftliche Gesamtrechnungen des Bundes;JAHR;Jahr;2018;DINSG;Deutschland
        insgesamt;DG;Deutschland;VGRPB5;Preisbasis;VGRPVU;preisbereinigt, unverkettete
        Volumenang.(Mrd. EUR);2971,786;-;-;-;3299,232;-;-

        81000;Volkswirtschaftliche Gesamtrechnungen des Bundes;JAHR;Jahr;2019;DINSG;Deutschland
        insgesamt;DG;Deutschland;VGRPB5;Preisbasis;VGRJPM;in jeweiligen Preisen (Mrd.
        EUR);3130,567;343,543;350,942;7,399;3474,110;3,2;41810,000

        81000;Volkswirtschaftliche Gesamtrechnungen des Bundes;JAHR;Jahr;2019;DINSG;Deutschland
        insgesamt;DG;Deutschland;VGRPB5;Preisbasis;VGRPKM;preisbereinigt, Kettenindex
        (2015=100);107,000;108,390;108,240;101,420;107,140;1,1;105,330

        81000;Volkswirtschaftliche Gesamtrechnungen des Bundes;JAHR;Jahr;2019;DINSG;Deutschland
        insgesamt;DG;Deutschland;VGRPB5;Preisbasis;VGRPVK;preisbereinigt, verkettete
        Volumenang. (Mrd. EUR);2912,561;-;-;-;3242,249;1,1;-

        81000;Volkswirtschaftliche Gesamtrechnungen des Bundes;JAHR;Jahr;2019;DINSG;Deutschland
        insgesamt;DG;Deutschland;VGRPB5;Preisbasis;VGRPVU;preisbereinigt, unverkettete
        Volumenang.(Mrd. EUR);3058,504;-;-;-;3401,440;-;-

        81000;Volkswirtschaftliche Gesamtrechnungen des Bundes;JAHR;Jahr;2020;DINSG;Deutschland
        insgesamt;DG;Deutschland;VGRPB5;Preisbasis;VGRJPM;in jeweiligen Preisen (Mrd.
        EUR);3086,377;317,353;325,967;8,614;3403,730;-2,0;40929,000

        81000;Volkswirtschaftliche Gesamtrechnungen des Bundes;JAHR;Jahr;2020;DINSG;Deutschland
        insgesamt;DG;Deutschland;VGRPB5;Preisbasis;VGRPKM;preisbereinigt, Kettenindex
        (2015=100);102,670;106,400;105,560;68,580;103,040;-3,8;101,220

        81000;Volkswirtschaftliche Gesamtrechnungen des Bundes;JAHR;Jahr;2020;DINSG;Deutschland
        insgesamt;DG;Deutschland;VGRPB5;Preisbasis;VGRPVK;preisbereinigt, verkettete
        Volumenang. (Mrd. EUR);2794,698;-;-;-;3118,176;-3,8;-

        81000;Volkswirtschaftliche Gesamtrechnungen des Bundes;JAHR;Jahr;2020;DINSG;Deutschland
        insgesamt;DG;Deutschland;VGRPB5;Preisbasis;VGRPVU;preisbereinigt, unverkettete
        Volumenang.(Mrd. EUR);3003,872;-;-;-;3341,107;-;-

        81000;Volkswirtschaftliche Gesamtrechnungen des Bundes;JAHR;Jahr;2021;DINSG;Deutschland
        insgesamt;DG;Deutschland;VGRPB5;Preisbasis;VGRJPM;in jeweiligen Preisen (Mrd.
        EUR);3276,377;341,073;365,141;24,068;3617,450;6,3;43481,000

        81000;Volkswirtschaftliche Gesamtrechnungen des Bundes;JAHR;Jahr;2021;DINSG;Deutschland
        insgesamt;DG;Deutschland;VGRPB5;Preisbasis;VGRPKM;preisbereinigt, Kettenindex
        (2015=100);106,060;108,380;107,530;70,100;106,300;3,2;104,370

        81000;Volkswirtschaftliche Gesamtrechnungen des Bundes;JAHR;Jahr;2021;DINSG;Deutschland
        insgesamt;DG;Deutschland;VGRPB5;Preisbasis;VGRPVK;preisbereinigt, verkettete
        Volumenang. (Mrd. EUR);2886,974;-;-;-;3216,829;3,2;-

        81000;Volkswirtschaftliche Gesamtrechnungen des Bundes;JAHR;Jahr;2021;DINSG;Deutschland
        insgesamt;DG;Deutschland;VGRPB5;Preisbasis;VGRPVU;preisbereinigt, unverkettete
        Volumenang.(Mrd. EUR);3188,250;-;-;-;3511,508;-;-

        81000;Volkswirtschaftliche Gesamtrechnungen des Bundes;JAHR;Jahr;2022;DINSG;Deutschland
        insgesamt;DG;Deutschland;VGRPB5;Preisbasis;VGRJPM;in jeweiligen Preisen (Mrd.
        EUR);3509,628;367,182;390,670;23,488;3876,810;7,2;46264,000

        81000;Volkswirtschaftliche Gesamtrechnungen des Bundes;JAHR;Jahr;2022;DINSG;Deutschland
        insgesamt;DG;Deutschland;VGRPB5;Preisbasis;VGRPKM;preisbereinigt, Kettenindex
        (2015=100);107,860;111,470;108,370;50,060;108,220;1,8;105,500

        81000;Volkswirtschaftliche Gesamtrechnungen des Bundes;JAHR;Jahr;2022;DINSG;Deutschland
        insgesamt;DG;Deutschland;VGRPB5;Preisbasis;VGRPVK;preisbereinigt, verkettete
        Volumenang. (Mrd. EUR);2935,971;-;-;-;3274,932;1,8;-

        81000;Volkswirtschaftliche Gesamtrechnungen des Bundes;JAHR;Jahr;2022;DINSG;Deutschland
        insgesamt;DG;Deutschland;VGRPB5;Preisbasis;VGRPVU;preisbereinigt, unverkettete
        Volumenang.(Mrd. EUR);3331,942;-;-;-;3682,747;-;-

        81000;Volkswirtschaftliche Gesamtrechnungen des Bundes;JAHR;Jahr;2023;DINSG;Deutschland
        insgesamt;DG;Deutschland;VGRPB5;Preisbasis;VGRJPM;in jeweiligen Preisen (Mrd.
        EUR);3767,909;354,301;390,660;36,359;4122,210;6,3;48775,000

        81000;Volkswirtschaftliche Gesamtrechnungen des Bundes;JAHR;Jahr;2023;DINSG;Deutschland
        insgesamt;DG;Deutschland;VGRPB5;Preisbasis;VGRPKM;preisbereinigt, Kettenindex
        (2015=100);107,930;108,460;104,270;39,670;108,010;-0,2;104,400

        81000;Volkswirtschaftliche Gesamtrechnungen des Bundes;JAHR;Jahr;2023;DINSG;Deutschland
        insgesamt;DG;Deutschland;VGRPB5;Preisbasis;VGRPVK;preisbereinigt, verkettete
        Volumenang. (Mrd. EUR);2937,876;-;-;-;3268,577;-0,2;-

        81000;Volkswirtschaftliche Gesamtrechnungen des Bundes;JAHR;Jahr;2023;DINSG;Deutschland
        insgesamt;DG;Deutschland;VGRPB5;Preisbasis;VGRPVU;preisbereinigt, unverkettete
        Volumenang.(Mrd. EUR);3511,999;-;-;-;3869,273;-;-

        '
    headers:
      Connection:
      - Keep-Alive
      Content-Disposition:
      - attachement;filename=81000-0001_flat.csv
      Content-Type:
      - text/csv
      Date:
      - Wed, 26 Jun 2024 16:35:08 GMT
      Keep-Alive:
      - timeout=15, max=100
      Server:
      - Apache
      Transfer-Encoding:
      - chunked
    status:
      code: 200
      message: '200'
- request:
    body: null
    headers:
      Accept:
      - '*/*'
      Accept-Encoding:
      - gzip, deflate
      Connection:
      - keep-alive
      User-Agent:
      - python-requests/2.32.3
    method: GET
    uri: https://www-genesis.destatis.de/genesisWS/rest/2020/metadata/table?area=all&format=ffcsv&language=de&name=81000-0001&quality=off
  response:
    body:
      string: "{\"Ident\":{\"Service\":\"metadata\",\"Method\":\"table\"},\"Status\":{\"Code\":0,\"Content\":\"erfolgreich\",\"Type\":\"Information\"},\"Parameter\":{\"username\":\"********************\",\"password\":\"********************\",\"name\":\"81000-0001\",\"area\":\"Alle\",\"language\":\"de\"},\"Object\":{\"Code\":\"81000-0001\",\"Content\":\"VGR
        des Bundes - Bruttowertsch\xF6pfung, Bruttoinlandsprodukt\\n(nominal/preisbereinigt):
        Deutschland, Jahre\",\"Time\":{\"From\":\"1991\",\"To\":\"2023\"},\"Valid\":\"false\",\"Structure\":{\"Head\":{\"Code\":\"81000\",\"Content\":\"Volkswirtschaftliche
        Gesamtrechnungen des Bundes\",\"Type\":\"Statistik\",\"Values\":null,\"Selected\":null,\"Structure\":[{\"Code\":\"DINSG\",\"Content\":\"Deutschland
        insgesamt\",\"Type\":\"Merkmal\",\"Values\":\"1\",\"Selected\":\"1\",\"Structure\":null,\"Updated\":\"see
        parent\"}],\"Updated\":\"see parent\"},\"Columns\":[{\"Code\":\"JAHR\",\"Content\":\"Jahr\",\"Type\":\"Merkmal\",\"Values\":\"10\",\"Selected\":\"10\",\"Structure\":null,\"Updated\":\"see
        parent\"}],\"Rows\":[{\"Code\":\"BWS001\",\"Content\":\"Bruttowertsch\xF6pfung\",\"Type\":\"Merkmal\",\"Values\":null,\"Selected\":null,\"Structure\":null,\"Updated\":\"see
        parent\"},{\"Code\":\"STR006\",\"Content\":\"G\xFCtersteuern abz\xFCgl. G\xFCtersubventionen\",\"Type\":\"Merkmal\",\"Values\":null,\"Selected\":null,\"Structure\":null,\"Updated\":\"see
        parent\"},{\"Code\":\"STR020\",\"Content\":\"G\xFCtersteuern\",\"Type\":\"Merkmal\",\"Values\":null,\"Selected\":null,\"Structure\":null,\"Updated\":\"see
        parent\"},{\"Code\":\"SUB003\",\"Content\":\"G\xFCtersubventionen\",\"Type\":\"Merkmal\",\"Values\":null,\"Selected\":null,\"Structure\":null,\"Updated\":\"see
        parent\"},{\"Code\":\"VGR014\",\"Content\":\"Bruttoinlandsprodukt\",\"Type\":\"Merkmal\",\"Values\":null,\"Selected\":null,\"Structure\":null,\"Updated\":\"see
        parent\"},{\"Code\":\"BIP005\",\"Content\":\"Bruttoinlandsprodukt (Ver\xE4nderung
        in %)\",\"Type\":\"Merkmal\",\"Values\":null,\"Selected\":null,\"Structure\":null,\"Updated\":\"see
        parent\"},{\"Code\":\"BIP004\",\"Content\":\"Bruttoinlandsprodukt je Einwohner\",\"Type\":\"Merkmal\",\"Values\":null,\"Selected\":null,\"Structure\":null,\"Updated\":\"see
        parent\"}],\"Subtitel\":null,\"Subheading\":{\"Code\":\"VGRPB5\",\"Content\":\"Preisbasis
        (jeweilige Preise / preisbereinigt)\",\"Type\":\"Merkmal\",\"Values\":null,\"Selected\":null,\"Structure\":null,\"Updated\":\"see
        parent\"}},\"Updated\":\"28.12.2022 17:19:48h\"},\"Copyright\":\"\xA9 Statistisches
        Bundesamt (Destatis), 2024\"}"
    headers:
      Connection:
      - Keep-Alive
      Content-Length:
      - '2203'
      Content-Type:
      - application/json;charset=UTF-8
      Date:
      - Wed, 26 Jun 2024 16:35:11 GMT
      Keep-Alive:
      - timeout=15, max=100
      Server:
      - Apache
    status:
      code: 200
      message: '200'
- request:
    body: null
    headers:
      Accept:
      - '*/*'
      Accept-Encoding:
      - gzip, deflate
      Connection:
      - keep-alive
      User-Agent:
      - python-requests/2.32.3
    method: GET
    uri: https://www-genesis.destatis.de/genesisWS/rest/2020/data/tablefile?area=all&format=ffcsv&language=de&name=81000-0001
  response:
    body:
      string: 'Statistik_Code;Statistik_Label;Zeit_Code;Zeit_Label;Zeit;1_Merkmal_Code;1_Merkmal_Label;1_Auspraegung_Code;1_Auspraegung_Label;2_Merkmal_Code;2_Merkmal_Label;2_Auspraegung_Code;2_Auspraegung_Label;BWS001__Bruttowertschoepfung__jew._ME;STR006__Guetersteuern_abzuegl._Guetersubventionen__jew._ME;STR020_______Guetersteuern__jew._ME;SUB003_______Guetersubventionen__jew._ME;VGR014__Bruttoinlandsprodukt__jew._ME;BIP005__nachr.:_Bruttoinlandsprodukt_(Veraenderung_in_%)__Prozent;BIP004__nachr.:_Bruttoinlandsprodukt_je_Einwohner__jew._ME

        81000;Volkswirtschaftliche Gesamtrechnungen des Bundes;JAHR;Jahr;2014;DINSG;Deutschland
        insgesamt;DG;Deutschland;VGRPB5;Preisbasis;VGRJPM;in jeweiligen Preisen (Mrd.
        EUR);2635,393;292,037;298,774;6,737;2927,430;4,1;36149,000

        81000;Volkswirtschaftliche Gesamtrechnungen des Bundes;JAHR;Jahr;2014;DINSG;Deutschland
        insgesamt;DG;Deutschland;VGRPB5;Preisbasis;VGRPKM;preisbereinigt, Kettenindex
        (2015=100);98,810;96,150;96,250;100,970;98,530;2,2;99,380

        81000;Volkswirtschaftliche Gesamtrechnungen des Bundes;JAHR;Jahr;2014;DINSG;Deutschland
        insgesamt;DG;Deutschland;VGRPB5;Preisbasis;VGRPVK;preisbereinigt, verkettete
        Volumenang. (Mrd. EUR);2689,628;-;-;-;2981,695;2,2;-

        81000;Volkswirtschaftliche Gesamtrechnungen des Bundes;JAHR;Jahr;2014;DINSG;Deutschland
        insgesamt;DG;Deutschland;VGRPB5;Preisbasis;VGRPVU;preisbereinigt, unverkettete
        Volumenang.(Mrd. EUR);2584,829;-;-;-;2873,722;-;-

        81000;Volkswirtschaftliche Gesamtrechnungen des Bundes;JAHR;Jahr;2015;DINSG;Deutschland
        insgesamt;DG;Deutschland;VGRPB5;Preisbasis;VGRJPM;in jeweiligen Preisen (Mrd.
        EUR);2722,020;304,160;310,942;6,782;3026,180;3,4;37046,000

        81000;Volkswirtschaftliche Gesamtrechnungen des Bundes;JAHR;Jahr;2015;DINSG;Deutschland
        insgesamt;DG;Deutschland;VGRPB5;Preisbasis;VGRPKM;preisbereinigt, Kettenindex
        (2015=100);100,000;100,000;100,000;100,000;100,000;1,5;100,000

        81000;Volkswirtschaftliche Gesamtrechnungen des Bundes;JAHR;Jahr;2015;DINSG;Deutschland
        insgesamt;DG;Deutschland;VGRPB5;Preisbasis;VGRPVK;preisbereinigt, verkettete
        Volumenang. (Mrd. EUR);2722,020;-;-;-;3026,180;1,5;-

        81000;Volkswirtschaftliche Gesamtrechnungen des Bundes;JAHR;Jahr;2015;DINSG;Deutschland
        insgesamt;DG;Deutschland;VGRPB5;Preisbasis;VGRPVU;preisbereinigt, unverkettete
        Volumenang.(Mrd. EUR);2667,231;-;-;-;2970,965;-;-

        81000;Volkswirtschaftliche Gesamtrechnungen des Bundes;JAHR;Jahr;2016;DINSG;Deutschland
        insgesamt;DG;Deutschland;VGRPB5;Preisbasis;VGRJPM;in jeweiligen Preisen (Mrd.
        EUR);2822,443;312,297;319,143;6,846;3134,740;3,6;38067,000

        81000;Volkswirtschaftliche Gesamtrechnungen des Bundes;JAHR;Jahr;2016;DINSG;Deutschland
        insgesamt;DG;Deutschland;VGRPB5;Preisbasis;VGRPKM;preisbereinigt, Kettenindex
        (2015=100);102,250;102,030;101,990;100,240;102,230;2,2;101,410

        81000;Volkswirtschaftliche Gesamtrechnungen des Bundes;JAHR;Jahr;2016;DINSG;Deutschland
        insgesamt;DG;Deutschland;VGRPB5;Preisbasis;VGRPVK;preisbereinigt, verkettete
        Volumenang. (Mrd. EUR);2783,265;-;-;-;3093,664;2,2;-

        81000;Volkswirtschaftliche Gesamtrechnungen des Bundes;JAHR;Jahr;2016;DINSG;Deutschland
        insgesamt;DG;Deutschland;VGRPB5;Preisbasis;VGRPVU;preisbereinigt, unverkettete
        Volumenang.(Mrd. EUR);2783,371;-;-;-;3093,710;-;-

        81000;Volkswirtschaftliche Gesamtrechnungen des Bundes;JAHR;Jahr;2017;DINSG;Deutschland
        insgesamt;DG;Deutschland;VGRPB5;Preisbasis;VGRJPM;in jeweiligen Preisen (Mrd.
        EUR);2944,074;323,086;329,847;6,761;3267,160;4,2;39527,000

        81000;Volkswirtschaftliche Gesamtrechnungen des Bundes;JAHR;Jahr;2017;DINSG;Deutschland
        insgesamt;DG;Deutschland;VGRPB5;Preisbasis;VGRPKM;preisbereinigt, Kettenindex
        (2015=100);105,110;103,760;103,700;101,290;104,970;2,7;103,740

        81000;Volkswirtschaftliche Gesamtrechnungen des Bundes;JAHR;Jahr;2017;DINSG;Deutschland
        insgesamt;DG;Deutschland;VGRPB5;Preisbasis;VGRPVK;preisbereinigt, verkettete
        Volumenang. (Mrd. EUR);2861,115;-;-;-;3176,581;2,7;-

        81000;Volkswirtschaftliche Gesamtrechnungen des Bundes;JAHR;Jahr;2017;DINSG;Deutschland
        insgesamt;DG;Deutschland;VGRPB5;Preisbasis;VGRPVU;preisbereinigt, unverkettete
        Volumenang.(Mrd. EUR);2901,242;-;-;-;3218,826;-;-

        81000;Volkswirtschaftliche Gesamtrechnungen des Bundes;JAHR;Jahr;2018;DINSG;Deutschland
        insgesamt;DG;Deutschland;VGRPB5;Preisbasis;VGRJPM;in jeweiligen Preisen (Mrd.
        EUR);3032,736;332,714;339,600;6,886;3365,450;3,0;40594,000

        81000;Volkswirtschaftliche Gesamtrechnungen des Bundes;JAHR;Jahr;2018;DINSG;Deutschland
        insgesamt;DG;Deutschland;VGRPB5;Preisbasis;VGRPKM;preisbereinigt, Kettenindex
        (2015=100);106,100;105,160;105,070;101,020;106,000;1,0;104,440

        81000;Volkswirtschaftliche Gesamtrechnungen des Bundes;JAHR;Jahr;2018;DINSG;Deutschland
        insgesamt;DG;Deutschland;VGRPB5;Preisbasis;VGRPVK;preisbereinigt, verkettete
        Volumenang. (Mrd. EUR);2888,063;-;-;-;3207,751;1,0;-

        81000;Volkswirtschaftliche Gesamtrechnungen des Bundes;JAHR;Jahr;2018;DINSG;Deutschland
        insgesamt;DG;Deutschland;VGRPB5;Preisbasis;VGRPVU;preisbereinigt, unverkettete
        Volumenang.(Mrd. EUR);2971,786;-;-;-;3299,232;-;-

        81000;Volkswirtschaftliche Gesamtrechnungen des Bundes;JAHR;Jahr;2019;DINSG;Deutschland
        insgesamt;DG;Deutschland;VGRPB5;Preisbasis;VGRJPM;in jeweiligen Preisen (Mrd.
        EUR);3130,567;343,543;350,942;7,399;3474,110;3,2;41810,000

        81000;Volkswirtschaftliche Gesamtrechnungen des Bundes;JAHR;Jahr;2019;DINSG;Deutschland
        insgesamt;DG;Deutschland;VGRPB5;Preisbasis;VGRPKM;preisbereinigt, Kettenindex
        (2015=100);107,000;108,390;108,240;101,420;107,140;1,1;105,330

        81000;Volkswirtschaftliche Gesamtrechnungen des Bundes;JAHR;Jahr;2019;DINSG;Deutschland
        insgesamt;DG;Deutschland;VGRPB5;Preisbasis;VGRPVK;preisbereinigt, verkettete
        Volumenang. (Mrd. EUR);2912,561;-;-;-;3242,249;1,1;-

        81000;Volkswirtschaftliche Gesamtrechnungen des Bundes;JAHR;Jahr;2019;DINSG;Deutschland
        insgesamt;DG;Deutschland;VGRPB5;Preisbasis;VGRPVU;preisbereinigt, unverkettete
        Volumenang.(Mrd. EUR);3058,504;-;-;-;3401,440;-;-

        81000;Volkswirtschaftliche Gesamtrechnungen des Bundes;JAHR;Jahr;2020;DINSG;Deutschland
        insgesamt;DG;Deutschland;VGRPB5;Preisbasis;VGRJPM;in jeweiligen Preisen (Mrd.
        EUR);3086,377;317,353;325,967;8,614;3403,730;-2,0;40929,000

        81000;Volkswirtschaftliche Gesamtrechnungen des Bundes;JAHR;Jahr;2020;DINSG;Deutschland
        insgesamt;DG;Deutschland;VGRPB5;Preisbasis;VGRPKM;preisbereinigt, Kettenindex
        (2015=100);102,670;106,400;105,560;68,580;103,040;-3,8;101,220

        81000;Volkswirtschaftliche Gesamtrechnungen des Bundes;JAHR;Jahr;2020;DINSG;Deutschland
        insgesamt;DG;Deutschland;VGRPB5;Preisbasis;VGRPVK;preisbereinigt, verkettete
        Volumenang. (Mrd. EUR);2794,698;-;-;-;3118,176;-3,8;-

        81000;Volkswirtschaftliche Gesamtrechnungen des Bundes;JAHR;Jahr;2020;DINSG;Deutschland
        insgesamt;DG;Deutschland;VGRPB5;Preisbasis;VGRPVU;preisbereinigt, unverkettete
        Volumenang.(Mrd. EUR);3003,872;-;-;-;3341,107;-;-

        81000;Volkswirtschaftliche Gesamtrechnungen des Bundes;JAHR;Jahr;2021;DINSG;Deutschland
        insgesamt;DG;Deutschland;VGRPB5;Preisbasis;VGRJPM;in jeweiligen Preisen (Mrd.
        EUR);3276,377;341,073;365,141;24,068;3617,450;6,3;43481,000

        81000;Volkswirtschaftliche Gesamtrechnungen des Bundes;JAHR;Jahr;2021;DINSG;Deutschland
        insgesamt;DG;Deutschland;VGRPB5;Preisbasis;VGRPKM;preisbereinigt, Kettenindex
        (2015=100);106,060;108,380;107,530;70,100;106,300;3,2;104,370

        81000;Volkswirtschaftliche Gesamtrechnungen des Bundes;JAHR;Jahr;2021;DINSG;Deutschland
        insgesamt;DG;Deutschland;VGRPB5;Preisbasis;VGRPVK;preisbereinigt, verkettete
        Volumenang. (Mrd. EUR);2886,974;-;-;-;3216,829;3,2;-

        81000;Volkswirtschaftliche Gesamtrechnungen des Bundes;JAHR;Jahr;2021;DINSG;Deutschland
        insgesamt;DG;Deutschland;VGRPB5;Preisbasis;VGRPVU;preisbereinigt, unverkettete
        Volumenang.(Mrd. EUR);3188,250;-;-;-;3511,508;-;-

        81000;Volkswirtschaftliche Gesamtrechnungen des Bundes;JAHR;Jahr;2022;DINSG;Deutschland
        insgesamt;DG;Deutschland;VGRPB5;Preisbasis;VGRJPM;in jeweiligen Preisen (Mrd.
        EUR);3509,628;367,182;390,670;23,488;3876,810;7,2;46264,000

        81000;Volkswirtschaftliche Gesamtrechnungen des Bundes;JAHR;Jahr;2022;DINSG;Deutschland
        insgesamt;DG;Deutschland;VGRPB5;Preisbasis;VGRPKM;preisbereinigt, Kettenindex
        (2015=100);107,860;111,470;108,370;50,060;108,220;1,8;105,500

        81000;Volkswirtschaftliche Gesamtrechnungen des Bundes;JAHR;Jahr;2022;DINSG;Deutschland
        insgesamt;DG;Deutschland;VGRPB5;Preisbasis;VGRPVK;preisbereinigt, verkettete
        Volumenang. (Mrd. EUR);2935,971;-;-;-;3274,932;1,8;-

        81000;Volkswirtschaftliche Gesamtrechnungen des Bundes;JAHR;Jahr;2022;DINSG;Deutschland
        insgesamt;DG;Deutschland;VGRPB5;Preisbasis;VGRPVU;preisbereinigt, unverkettete
        Volumenang.(Mrd. EUR);3331,942;-;-;-;3682,747;-;-

        81000;Volkswirtschaftliche Gesamtrechnungen des Bundes;JAHR;Jahr;2023;DINSG;Deutschland
        insgesamt;DG;Deutschland;VGRPB5;Preisbasis;VGRJPM;in jeweiligen Preisen (Mrd.
        EUR);3767,909;354,301;390,660;36,359;4122,210;6,3;48775,000

        81000;Volkswirtschaftliche Gesamtrechnungen des Bundes;JAHR;Jahr;2023;DINSG;Deutschland
        insgesamt;DG;Deutschland;VGRPB5;Preisbasis;VGRPKM;preisbereinigt, Kettenindex
        (2015=100);107,930;108,460;104,270;39,670;108,010;-0,2;104,400

        81000;Volkswirtschaftliche Gesamtrechnungen des Bundes;JAHR;Jahr;2023;DINSG;Deutschland
        insgesamt;DG;Deutschland;VGRPB5;Preisbasis;VGRPVK;preisbereinigt, verkettete
        Volumenang. (Mrd. EUR);2937,876;-;-;-;3268,577;-0,2;-

        81000;Volkswirtschaftliche Gesamtrechnungen des Bundes;JAHR;Jahr;2023;DINSG;Deutschland
        insgesamt;DG;Deutschland;VGRPB5;Preisbasis;VGRPVU;preisbereinigt, unverkettete
        Volumenang.(Mrd. EUR);3511,999;-;-;-;3869,273;-;-

        '
    headers:
      Connection:
      - Keep-Alive
      Content-Disposition:
      - attachement;filename=81000-0001_flat.csv
      Content-Type:
      - text/csv
      Date:
      - Wed, 26 Jun 2024 18:21:11 GMT
      Keep-Alive:
      - timeout=15, max=100
      Server:
      - Apache
      Transfer-Encoding:
      - chunked
    status:
      code: 200
      message: '200'
- request:
    body: null
    headers:
      Accept:
      - '*/*'
      Accept-Encoding:
      - gzip, deflate
      Connection:
      - keep-alive
      User-Agent:
      - python-requests/2.32.3
    method: GET
    uri: https://www-genesis.destatis.de/genesisWS/rest/2020/metadata/table?area=all&format=ffcsv&language=de&name=81000-0001
  response:
    body:
      string: "{\"Ident\":{\"Service\":\"metadata\",\"Method\":\"table\"},\"Status\":{\"Code\":0,\"Content\":\"erfolgreich\",\"Type\":\"Information\"},\"Parameter\":{\"username\":\"********************\",\"password\":\"********************\",\"name\":\"81000-0001\",\"area\":\"Alle\",\"language\":\"de\"},\"Object\":{\"Code\":\"81000-0001\",\"Content\":\"VGR
        des Bundes - Bruttowertsch\xF6pfung, Bruttoinlandsprodukt\\n(nominal/preisbereinigt):
        Deutschland, Jahre\",\"Time\":{\"From\":\"1991\",\"To\":\"2023\"},\"Valid\":\"false\",\"Structure\":{\"Head\":{\"Code\":\"81000\",\"Content\":\"Volkswirtschaftliche
        Gesamtrechnungen des Bundes\",\"Type\":\"Statistik\",\"Values\":null,\"Selected\":null,\"Structure\":[{\"Code\":\"DINSG\",\"Content\":\"Deutschland
        insgesamt\",\"Type\":\"Merkmal\",\"Values\":\"1\",\"Selected\":\"1\",\"Structure\":null,\"Updated\":\"see
        parent\"}],\"Updated\":\"see parent\"},\"Columns\":[{\"Code\":\"JAHR\",\"Content\":\"Jahr\",\"Type\":\"Merkmal\",\"Values\":\"10\",\"Selected\":\"10\",\"Structure\":null,\"Updated\":\"see
        parent\"}],\"Rows\":[{\"Code\":\"BWS001\",\"Content\":\"Bruttowertsch\xF6pfung\",\"Type\":\"Merkmal\",\"Values\":null,\"Selected\":null,\"Structure\":null,\"Updated\":\"see
        parent\"},{\"Code\":\"STR006\",\"Content\":\"G\xFCtersteuern abz\xFCgl. G\xFCtersubventionen\",\"Type\":\"Merkmal\",\"Values\":null,\"Selected\":null,\"Structure\":null,\"Updated\":\"see
        parent\"},{\"Code\":\"STR020\",\"Content\":\"G\xFCtersteuern\",\"Type\":\"Merkmal\",\"Values\":null,\"Selected\":null,\"Structure\":null,\"Updated\":\"see
        parent\"},{\"Code\":\"SUB003\",\"Content\":\"G\xFCtersubventionen\",\"Type\":\"Merkmal\",\"Values\":null,\"Selected\":null,\"Structure\":null,\"Updated\":\"see
        parent\"},{\"Code\":\"VGR014\",\"Content\":\"Bruttoinlandsprodukt\",\"Type\":\"Merkmal\",\"Values\":null,\"Selected\":null,\"Structure\":null,\"Updated\":\"see
        parent\"},{\"Code\":\"BIP005\",\"Content\":\"Bruttoinlandsprodukt (Ver\xE4nderung
        in %)\",\"Type\":\"Merkmal\",\"Values\":null,\"Selected\":null,\"Structure\":null,\"Updated\":\"see
        parent\"},{\"Code\":\"BIP004\",\"Content\":\"Bruttoinlandsprodukt je Einwohner\",\"Type\":\"Merkmal\",\"Values\":null,\"Selected\":null,\"Structure\":null,\"Updated\":\"see
        parent\"}],\"Subtitel\":null,\"Subheading\":{\"Code\":\"VGRPB5\",\"Content\":\"Preisbasis
        (jeweilige Preise / preisbereinigt)\",\"Type\":\"Merkmal\",\"Values\":null,\"Selected\":null,\"Structure\":null,\"Updated\":\"see
        parent\"}},\"Updated\":\"28.12.2022 17:19:48h\"},\"Copyright\":\"\xA9 Statistisches
        Bundesamt (Destatis), 2024\"}"
    headers:
      Connection:
      - Keep-Alive
      Content-Length:
      - '2203'
      Content-Type:
      - application/json;charset=UTF-8
      Date:
      - Wed, 26 Jun 2024 18:21:13 GMT
      Keep-Alive:
      - timeout=15, max=100
      Server:
      - Apache
    status:
      code: 200
      message: '200'
version: 1
